---
source: libaffix/src/lib.rs
expression: generated
---
{
  "Ok": [
    "mangrove"
  ]
}
