---
source: libaffix/src/lib.rs
expression: parse_res
---
{
  "Ok": {
    "data_decls": [],
    "rule_decls": [
      {
        "signature": {
          "name": "man",
          "parameter_types": []
        },
        "cases": [
          {
            "guard": {
              "requirements": []
            },
            "alternatives": [
              [
                {
                  "StrLit": "man"
                }
              ]
            ]
          }
        ]
      },
      {
        "signature": {
          "name": "mangrove",
          "parameter_types": []
        },
        "cases": [
          {
            "guard": {
              "requirements": []
            },
            "alternatives": [
              [
                {
                  "StrLit": "mangrove"
                }
              ]
            ]
          }
        ]
      },
      {
        "signature": {
          "name": "start",
          "parameter_types": []
        },
        "cases": [
          {
            "guard": {
              "requirements": []
            },
            "alternatives": [
              [
                {
                  "RuleRef": {
                    "rule": "man",
                    "args": []
                  }
                }
              ]
            ]
          }
        ]
      }
    ]
  }
}
