---
source: libaffix/src/lib.rs
expression: err
---
The symbol `e` is kinda ambiguous because it could refer to either `Gender::neuter` or `Gender::masculine`. Would you mind choosing a more explicit abbreviation to differentiate the two? Thanks!
