---
source: libaffix/src/lib.rs
expression: err
---
I don't know how to turn `GrammaticalGender`'s data variant `@nonbinary` into user-facing text! This needs to be specified because you're trying to @-print the variable `Gender1`.
