---
source: libaffix/src/lib.rs
expression: err
---
Ambiguous variable name `dog`! Could refer to either `dog` or `hedgehog`.
