---
source: libaffix/src/lib.rs
expression: "\"✅\""
---
✅
