---
source: libaffix/src/lib.rs
expression: err
---
I'm not sure what the symbol `dawg` refers to. Did you mistype?
