---
source: libaffix/src/lib.rs
expression: generated
---
{
  "Err": {
    "UnboundSymbol": {
      "symbol": "dawg"
    }
  }
}
